============================================================
Pipeline started — Task: cub_bird
  Threshold: 7.0, Max retries: 3
  Retry strategy: fixed
  Save attempts: False
  Input:  /home/huyanhan/data/CUB_200_2011/images/train
  Output: /home/huyanhan/data/CUB_200_2011/qwen_output/train
============================================================
[Orchestrator] Loading Generator...

──────────────────────────────────────────────────
Class: 001.Black_footed_Albatross  (30 images)

  [1] 001.Black_footed_Albatross/Black_Footed_Albatross_0007_796138
    ── Attempt 1 (threshold=7.0) ──
    ✅ Accepted (score=8.0 >= 7.0)

  [2] 001.Black_footed_Albatross/Black_Footed_Albatross_0009_34
    ── Attempt 1 (threshold=7.0) ──
============================================================
Pipeline started — Task: cub_bird
  Threshold: 7.0, Max retries: 3
  Retry strategy: fixed
  Save attempts: False
  Input:  /home/huyanhan/data/CUB_200_2011/images/train
  Output: /home/huyanhan/data/CUB_200_2011/qwen_output/train
============================================================
[Orchestrator] Loading Generator...
Skip class: 001.Black_footed_Albatross
Skip class: 002.Laysan_Albatross
Skip class: 003.Sooty_Albatross
Skip class: 004.Groove_billed_Ani
Skip class: 005.Crested_Auklet
Skip class: 006.Least_Auklet
Skip class: 007.Parakeet_Auklet
Skip class: 008.Rhinoceros_Auklet
Skip class: 009.Brewer_Blackbird
Skip class: 010.Red_winged_Blackbird
Skip class: 011.Rusty_Blackbird
Skip class: 012.Yellow_headed_Blackbird
Skip class: 013.Bobolink
Skip class: 014.Indigo_Bunting
Skip class: 015.Lazuli_Bunting
Skip class: 016.Painted_Bunting
Skip class: 017.Cardinal
Skip class: 018.Spotted_Catbird
Skip class: 019.Gray_Catbird
Skip class: 020.Yellow_breasted_Chat
Skip class: 021.Eastern_Towhee

──────────────────────────────────────────────────
Class: 022.Chuck_will_Widow  (30 images)

  [1] 022.Chuck_will_Widow/Chuck_Will_Widow_0001_796975
    ── Attempt 1 (threshold=7.0) ──
============================================================
Pipeline started — Task: cub_bird
  Threshold: 7.0, Max retries: 3
  Retry strategy: fixed
  Save attempts: False
  Input:  /home/huyanhan/data/CUB_200_2011/images/train
  Output: /home/huyanhan/data/CUB_200_2011/qwen_output/train
============================================================
[Orchestrator] Loading Generator...

──────────────────────────────────────────────────
Class: 001.Black_footed_Albatross  (30 images)

  [1] 001.Black_footed_Albatross/Black_Footed_Albatross_0007_796138
    ── Attempt 1 (threshold=7.0) ──
    ✅ Accepted (score=8.0 >= 7.0)

  [2] 001.Black_footed_Albatross/Black_Footed_Albatross_0009_34
    ── Attempt 1 (threshold=7.0) ──
    ✅ Accepted (score=8.0 >= 7.0)

  [3] 001.Black_footed_Albatross/Black_Footed_Albatross_0010_796097
    ── Attempt 1 (threshold=7.0) ──
    ✅ Accepted (score=8.0 >= 7.0)

  [4] 001.Black_footed_Albatross/Black_Footed_Albatross_0014_89
    ── Attempt 1 (threshold=7.0) ──
    ✅ Accepted (score=8.0 >= 7.0)

  [5] 001.Black_footed_Albatross/Black_Footed_Albatross_0017_796098
    ── Attempt 1 (threshold=7.0) ──
    ✅ Accepted (score=8.0 >= 7.0)

  [6] 001.Black_footed_Albatross/Black_Footed_Albatross_0019_796104
    ── Attempt 1 (threshold=7.0) ──
    ✅ Accepted (score=8.0 >= 7.0)

  [7] 001.Black_footed_Albatross/Black_Footed_Albatross_0023_796059
    ── Attempt 1 (threshold=7.0) ──
    ✅ Accepted (score=8.0 >= 7.0)

  [8] 001.Black_footed_Albatross/Black_Footed_Albatross_0031_100
    ── Attempt 1 (threshold=7.0) ──
    ✅ Accepted (score=8.0 >= 7.0)

  [9] 001.Black_footed_Albatross/Black_Footed_Albatross_0032_796115
    ── Attempt 1 (threshold=7.0) ──
    ✅ Accepted (score=8.0 >= 7.0)

  [10] 001.Black_footed_Albatross/Black_Footed_Albatross_0036_796127
    ── Attempt 1 (threshold=7.0) ──
    ✅ Accepted (score=8.0 >= 7.0)

  [11] 001.Black_footed_Albatross/Black_Footed_Albatross_0038_212
    ── Attempt 1 (threshold=7.0) ──
    ✅ Accepted (score=8.0 >= 7.0)

  [12] 001.Black_footed_Albatross/Black_Footed_Albatross_0039_796132
    ── Attempt 1 (threshold=7.0) ──
    ✅ Accepted (score=8.0 >= 7.0)

  [13] 001.Black_footed_Albatross/Black_Footed_Albatross_0040_796066
    ── Attempt 1 (threshold=7.0) ──
    ✅ Accepted (score=8.0 >= 7.0)

  [14] 001.Black_footed_Albatross/Black_Footed_Albatross_0041_796108
    ── Attempt 1 (threshold=7.0) ──
    ✅ Accepted (score=8.0 >= 7.0)

  [15] 001.Black_footed_Albatross/Black_Footed_Albatross_0047_796064
    ── Attempt 1 (threshold=7.0) ──
    ✅ Accepted (score=8.0 >= 7.0)

  [16] 001.Black_footed_Albatross/Black_Footed_Albatross_0051_796103
    ── Attempt 1 (threshold=7.0) ──
    ✅ Accepted (score=8.0 >= 7.0)

  [17] 001.Black_footed_Albatross/Black_Footed_Albatross_0056_796078
    ── Attempt 1 (threshold=7.0) ──
    ✅ Accepted (score=8.0 >= 7.0)

  [18] 001.Black_footed_Albatross/Black_Footed_Albatross_0057_796106
    ── Attempt 1 (threshold=7.0) ──
    ✅ Accepted (score=8.0 >= 7.0)

  [19] 001.Black_footed_Albatross/Black_Footed_Albatross_0060_796076
    ── Attempt 1 (threshold=7.0) ──
    ✅ Accepted (score=8.0 >= 7.0)

  [20] 001.Black_footed_Albatross/Black_Footed_Albatross_0063_796141
    ── Attempt 1 (threshold=7.0) ──
    ✅ Accepted (score=8.0 >= 7.0)

  [Progress] total=20 accepted=20 skipped=0

  [21] 001.Black_footed_Albatross/Black_Footed_Albatross_0067_170
    ── Attempt 1 (threshold=7.0) ──
    ✅ Accepted (score=8.0 >= 7.0)

  [22] 001.Black_footed_Albatross/Black_Footed_Albatross_0068_796135
    ── Attempt 1 (threshold=7.0) ──
    ✅ Accepted (score=8.0 >= 7.0)

  [23] 001.Black_footed_Albatross/Black_Footed_Albatross_0069_796139
    ── Attempt 1 (threshold=7.0) ──
    ✅ Accepted (score=8.0 >= 7.0)

  [24] 001.Black_footed_Albatross/Black_Footed_Albatross_0071_796113
    ── Attempt 1 (threshold=7.0) ──
    ✅ Accepted (score=8.0 >= 7.0)

  [25] 001.Black_footed_Albatross/Black_Footed_Albatross_0074_59
    ── Attempt 1 (threshold=7.0) ──
    ✅ Accepted (score=8.0 >= 7.0)

  [26] 001.Black_footed_Albatross/Black_Footed_Albatross_0077_796114
    ── Attempt 1 (threshold=7.0) ──
    ✅ Accepted (score=8.0 >= 7.0)

  [27] 001.Black_footed_Albatross/Black_Footed_Albatross_0079_796122
    ── Attempt 1 (threshold=7.0) ──
    ✅ Accepted (score=8.0 >= 7.0)

  [28] 001.Black_footed_Albatross/Black_Footed_Albatross_0080_796096
    ── Attempt 1 (threshold=7.0) ──
    ✅ Accepted (score=8.0 >= 7.0)

  [29] 001.Black_footed_Albatross/Black_Footed_Albatross_0081_426
    ── Attempt 1 (threshold=7.0) ──
    ✅ Accepted (score=8.0 >= 7.0)

  [30] 001.Black_footed_Albatross/Black_Footed_Albatross_0089_796069
    ── Attempt 1 (threshold=7.0) ──
    ✅ Accepted (score=8.0 >= 7.0)

──────────────────────────────────────────────────
Class: 002.Laysan_Albatross  (30 images)

  [31] 002.Laysan_Albatross/Laysan_Albatross_0003_1033
    ── Attempt 1 (threshold=7.0) ──
    ✅ Accepted (score=8.0 >= 7.0)

  [32] 002.Laysan_Albatross/Laysan_Albatross_0005_565
    ── Attempt 1 (threshold=7.0) ──
    ✅ Accepted (score=8.0 >= 7.0)

  [33] 002.Laysan_Albatross/Laysan_Albatross_0006_702
    ── Attempt 1 (threshold=7.0) ──
============================================================
Pipeline started — Task: cub_bird
  Threshold: 7.0, Max retries: 3
  Retry strategy: fixed
  Save attempts: False
  Input:  /home/huyanhan/data/CUB_200_2011/images/train
  Output: /home/huyanhan/data/CUB_200_2011/qwen_output/train
============================================================
[Orchestrator] Loading Generator...
[Orchestrator] Loading Critic...
============================================================
Pipeline started — Task: cub_bird
  Threshold: 7.0, Max retries: 3
  Retry strategy: fixed
  Save attempts: False
  Input:  /home/huyanhan/data/CUB_200_2011/images/train
  Output: /home/huyanhan/data/CUB_200_2011/qwen_output/train
============================================================
[Orchestrator] Loading Generator...
[Orchestrator] Loading Critic...
============================================================
Pipeline started — Task: cub_bird
  Threshold: 7.0, Max retries: 3
  Retry strategy: fixed
  Save attempts: False
  Input:  /home/huyanhan/data/CUB_200_2011/images/train
  Output: /home/huyanhan/data/CUB_200_2011/qwen_output/train
============================================================
[Orchestrator] Loading Generator...
[Orchestrator] Loading Critic...
============================================================
Pipeline started — Task: cub_bird
  Threshold: 7.0, Max retries: 3
  Retry strategy: fixed
  Save attempts: False
  Input:  /home/huyanhan/data/CUB_200_2011/images/train
  Output: /home/huyanhan/data/CUB_200_2011/qwen_output/train
============================================================
[Orchestrator] Loading Generator...
[Orchestrator] Loading Critic...
============================================================
Pipeline started — Task: cub_bird
  Threshold: 7.0, Max retries: 3
  Retry strategy: fixed
  Save attempts: False
  Input:  /home/huyanhan/data/CUB_200_2011/images/train
  Output: /home/huyanhan/data/CUB_200_2011/qwen_output/train
============================================================
[Orchestrator] Loading Generator...
[Orchestrator] Loading Critic...
============================================================
Pipeline started — Task: cub_bird
  Threshold: 7.0, Max retries: 3
  Retry strategy: fixed
  Save attempts: False
  Input:  /home/huyanhan/data/CUB_200_2011/images/train
  Output: /home/huyanhan/data/CUB_200_2011/qwen_output/train
============================================================
[Orchestrator] Loading Generator...
[Orchestrator] Loading Critic...

──────────────────────────────────────────────────
Class: 001.Black_footed_Albatross  (30 images)

  [1] 001.Black_footed_Albatross/Black_Footed_Albatross_0007_796138
    ── Attempt 1 (threshold=7.0) ──
============================================================
Pipeline started — Task: cub_bird
  Threshold: 7.0, Max retries: 3
  Retry strategy: fixed
  Save attempts: False
  Input:  /home/huyanhan/data/CUB_200_2011/images/train
  Output: /home/huyanhan/data/CUB_200_2011/qwen_output/train
============================================================
[Orchestrator] Loading Generator...
[Orchestrator] Loading Critic...

──────────────────────────────────────────────────
Class: 001.Black_footed_Albatross  (30 images)

  [1] 001.Black_footed_Albatross/Black_Footed_Albatross_0007_796138
    ── Attempt 1 (threshold=7.0) ──
============================================================
Pipeline started — Task: cub_bird
  Threshold: 7.0, Max retries: 3
  Retry strategy: fixed
  Save attempts: False
  Input:  /home/huyanhan/data/CUB_200_2011/images/train
  Output: /home/huyanhan/data/CUB_200_2011/qwen_output/train
============================================================
[Orchestrator] Loading Generator...
============================================================
Pipeline started — Task: cub_bird
  Threshold: 7.0, Max retries: 3
  Retry strategy: fixed
  Save attempts: False
  Input:  /home/huyanhan/data/CUB_200_2011/images/train
  Output: /home/huyanhan/data/CUB_200_2011/qwen_output/train
============================================================
[Orchestrator] Loading Generator...
[Orchestrator] Loading Critic...

──────────────────────────────────────────────────
Class: 001.Black_footed_Albatross  (30 images)

  [1] 001.Black_footed_Albatross/Black_Footed_Albatross_0007_796138
    ── Attempt 1 (threshold=7.0) ──
============================================================
Pipeline started — Task: cub_bird
  Threshold: 7.0, Max retries: 3
  Retry strategy: fixed
  Save attempts: False
  Input:  /home/huyanhan/data/CUB_200_2011/images/train
  Output: /home/huyanhan/data/CUB_200_2011/qwen_output/train
============================================================
[Orchestrator] Loading Generator...
[Orchestrator] Loading Critic...

──────────────────────────────────────────────────
Class: 001.Black_footed_Albatross  (30 images)

  [1] 001.Black_footed_Albatross/Black_Footed_Albatross_0007_796138
    ── Attempt 1 (threshold=7.0) ──
